// Jest Snapshot v1, https://goo.gl/fbAQLP

exports[`render Home component 1`] = `ShallowWrapper {}`;
